
C:\DITA-OT1.8.M2>ant -f plugins\org.omanual.dita2omanual\sample_omanual.xml
C:\DITA-OT1.8.M2>ant -f plugins\org.omanual.dita2omanual\docs_pdf.xml

Resources:
http://docs.oasis-open.org/dita/v1.2/os/spec/DITA1.2-spec.html
http://saxonica.com/documentation9.4-demo/html/xsl-elements/
http://omanual.org/documentation.php

C:\DITA-OT1.8.M2>java
Usage: java [-options] class [args...]
           (to execute a class)
   or  java [-options] -jar jarfile [args...]
           (to execute a jar file)
where options include:
    -d32          use a 32-bit data model if available
    -d64          use a 64-bit data model if available
    -server       to select the "server" VM
    -hotspot      is a synonym for the "server" VM  [deprecated]
                  The default VM is server.

    -cp <class search path of directories and zip/jar files>
    -classpath <class search path of directories and zip/jar files>
                  A ; separated list of directories, JAR archives,
                  and ZIP archives to search for class files.
    -D<name>=<value>
                  set a system property
    -verbose:[class|gc|jni]
                  enable verbose output
    -version      print product version and exit
    -version:<value>
                  require the specified version to run
    -showversion  print product version and continue
    -jre-restrict-search | -no-jre-restrict-search
                  include/exclude user private JREs in the version search
    -? -help      print this help message
    -X            print help on non-standard options
    -ea[:<packagename>...|:<classname>]
    -enableassertions[:<packagename>...|:<classname>]
                  enable assertions with specified granularity
    -da[:<packagename>...|:<classname>]
    -disableassertions[:<packagename>...|:<classname>]
                  disable assertions with specified granularity
    -esa | -enablesystemassertions
                  enable system assertions
    -dsa | -disablesystemassertions
                  disable system assertions
    -agentlib:<libname>[=<options>]
                  load native agent library <libname>, e.g. -agentlib:hprof
                  see also, -agentlib:jdwp=help and -agentlib:hprof=help
    -agentpath:<pathname>[=<options>]
                  load native agent library by full pathname
    -javaagent:<jarpath>[=<options>]
                  load Java programming language agent, see java.lang.instrument

    -splash:<imagepath>
                  show splash screen with specified image
See http://www.oracle.com/technetwork/java/javase/documentation/index.html for more details.


C:\DITA-OT1.8.M2>
java -jar lib\saxon\saxon9.jar 
-s:plugins/dita2omanual/dita/taskbook.ditamap 
-xsl:plugins/dita2omanual/xsl/dita2omanual2.xsl 
> test.xml
or
-o:test.xml

C:\so_test>
java -cp lib/saxon9he.jar;lib/resolver.jar net.sf.saxon.Query 
-s:"test.xml" 
-qs:"<results>{data(/test/foo)}</results>" 
-catalog:"lib/catalog.xml" 
-dtd


C:\DITA-OT1.8.M2>java -jar lib\saxon\saxon9.jar
No source file name
Saxon 9.1.0.5J from Saxonica
Usage: see http://www.saxonica.com/documentation/#!using-xsl/commandline
Options:
  -a                    Use xml-stylesheet PI, not style-doc argument
  -c:filename           Use compiled stylesheet from file
  -cr:classname         Use collection URI resolver class
  -dtd:on|off           Validate using DTD
  -expand:on|off        Expand defaults defined in schema/DTD
  -explain[:filename]   Display compiled expression tree
  -ext:on|off           Allow|Disallow external Java functions
  -im:modename          Initial mode
  -it:template          Initial template
  -l:on|off             Line numbering for source document
  -m:classname          Use message receiver class
  -o:filename           Output file or directory
  -or:classname         Use OutputURIResolver class
  -outval:recover|fatal Handling of validation errors on result document
  -p:on|off             Recognize URI query parameters
  -r:classname          Use URIResolver class
  -repeat:N             Repeat N times for performance measurement
  -s:filename           Initial source document
  -sa                   Schema-aware transformation
  -strip:all|none|ignorable      Strip whitespace text nodes
  -t                    Display version and timing information
  -T[:classname]        Use TraceListener class
  -TJ                   Trace calls to external Java functions
  -tree:tiny|linked     Select tree model
  -traceout:file|#null  Destination for fn:trace() output
  -u                    Names are URLs not filenames
  -val:strict|lax       Validate using schema
  -versionmsg:on|off    Warn when using XSLT 1.0 stylesheet
  -warnings:silent|recover|fatal  Handling of recoverable errors
  -x:classname          Use specified SAX parser for source file
  -xi:on|off            Expand XInclude on all documents
  -xmlversion:1.0|1.1   Version of XML to be handled
  -xsd:file;file..      Additional schema documents to be loaded
  -xsdversion:1.0|1.1   Version of XML Schema to be used
  -xsiloc:on|off        Take note of xsi:schemaLocation
  -xsl:filename         Stylesheet file
  -y:classname          Use specified SAX parser for stylesheet
  -?                    Display this message
  param=value           Set stylesheet string parameter
  +param=filename       Set stylesheet document parameter
  !option=value         Set serialization option



C:\DITA-OT1.8.M2>java
 -jar lib\saxon\saxon9.jar
 -s:plugins/org.omanual.dita2omanual/dita/taskbook.ditamap
 -xsl:plugins/org.omanual.dita2omanual/xsl/dita2omanual.xsl
 -o:_temp/test.xml

C:\DITA-OT1.8.M2>java -jar lib\saxon\saxon9.jar -s:plugins/org.omanual.dita2omanual/dita/taskbook.ditamap -xsl:plugins/org.omanual.dita2omanual/xsl/dita2omanual.xsl > _temp/test.xml


Outputting filename=guide_installing_hard_drives_or_other_storage.xml (src=taskbook/installstorage.dita)
Outputting filename=guide_remove_the_cover_of_your_system.xml (src=taskbook/unscrewcover.dita)
Outputting filename=guide_attach_the_drive_to_the_system.xml (src=taskbook/insertdrive.dita)
Outputting filename=guide_replace_the_cover_of_your_system..xml (src=taskbook/replacecover.dita)
Outputting filename=guide_installing_your_own_web_server.xml (src=taskbook/installwebserver.dita)
Outputting filename=guide_close_all_of_your_programs.xml (src=taskbook/closeprograms.dita)
Outputting filename=guide_run_setup.exe.xml (src=taskbook/runsetup.dita)
Outputting filename=guide_restart_your_system.xml (src=taskbook/restart.dita)
Outputting filename=guide_installing_your_own_database.xml (src=taskbook/installdb.dita)
Outputting filename=guide_configuring_hard_storage_devices.xml (src=taskbook/configurestorage.dita)
Outputting filename=guide_configuring_your_web_server.xml (src=taskbook/configurewebserver.dita)
Outputting filename=guide_configuring_a_database.xml (src=taskbook/configuredatabase.dita)
Outputting filename=guide_maintaining_your_hard_drive.xml (src=taskbook/maintainstorage.dita)
Outputting filename=guide_maintaining_a_web_server.xml (src=taskbook/maintainserver.dita)
Outputting filename=guide_maintaining_a_database.xml (src=taskbook/maintaindatabase.dita)
Outputting filename=guide_troubleshooting_your_hard_disk.xml (src=taskbook/drivetrouble.dita)
Outputting filename=guide_troubleshooting_web_server_problems.xml (src=taskbook/webtrouble.dita)
Outputting filename=guide_troubleshooting_a_database.xml (src=taskbook/databasetrouble.dita)



Messages from running the integrator step:

C:\DITA-OT1.8.M2>ant -f integrator.xml
Unable to locate tools.jar. Expected to find it in C:\Program Files\Java\jre7\lib\tools.jar
Buildfile: C:\DITA-OT1.8.M2\integrator.xml

strict:

integrate:

BUILD SUCCESSFUL
Total time: 2 seconds




Some leftover dev code after cleanup:


<!-- 
| ***Note on how to convert a schema into DTD for tools requiring that format (xsd2dtd is from Syntext's old site)***
| C:\DITA-OT1.5.3>java -jar lib\saxon\saxon9.jar omanual_procedure_0.3.xsd xsd2dtd.xsl > omanual.dtd
+-->



<!-- message technique: -->
<!-- Base method suggested by: http://www.stylusstudio.com/xsllist/200502/post00970.html -->

